<html>
<body>
<pre>
<h1>µVision Build Log</h1>
<h2>Project:</h2>
C:\Users\mikla\Desktop\Ca³e programowanie te\Serwo\Serwo.uvproj
Project File Date:  06/09/2026

<h2>Output:</h2>
Rebuild target 'Target 1'
assembling Startup.s...
compiling keyboard.c...
compiling led.c...
compiling main.c...
compiling servo.c...
compiling timer.c...
compiling timer_interrupts.c...
linking...
Program Size: Code=2324 RO-data=32 RW-data=8 ZI-data=1272  
FromELF: creating hex file...
".\Serwo.axf" - 0 Errors, 0 Warning(s).
