<html>
<body>
<pre>
<h1>µVision Build Log</h1>
<h2>Project:</h2>
C:\Users\mikla\Desktop\Ca³e programowanie te\GPIO\gpio.uvproj
Project File Date:  06/09/2026

<h2>Output:</h2>
Rebuild target 'Target 1'
assembling Startup.s...
compiling main.c...
main.c(113): warning:  #1-D: last line of file ends without a newline
linking...
Program Size: Code=1340 RO-data=32 RW-data=4 ZI-data=1260  
FromELF: creating hex file...
".\gpio.axf" - 0 Errors, 1 Warning(s).
Rebuild target 'Target 1'
assembling Startup.s...
compiling main.c...
linking...
Program Size: Code=1340 RO-data=32 RW-data=4 ZI-data=1260  
FromELF: creating hex file...
".\gpio.axf" - 0 Errors, 0 Warning(s).
Clean started: Project: 'gpio'
   deleting intermediate output files for target 'Target 1'
