<html>
<body>
<pre>
<h1>µVision Build Log</h1>
<h2>Project:</h2>
C:\Users\mikla\Desktop\Ca³e programowanie te\Timer\Timer.uvproj
Project File Date:  06/09/2026

<h2>Output:</h2>
Rebuild target 'Target 1'
assembling Startup.s...
compiling keyboard.c...
compiling led.c...
compiling main.c...
compiling timer.c...
linking...
Program Size: Code=1312 RO-data=32 RW-data=4 ZI-data=1260  
FromELF: creating hex file...
".\Timer.axf" - 0 Errors, 0 Warning(s).
Rebuild target 'Target 1'
assembling Startup.s...
compiling keyboard.c...
compiling led.c...
compiling main.c...
compiling timer.c...
linking...
Program Size: Code=1312 RO-data=32 RW-data=4 ZI-data=1260  
FromELF: creating hex file...
".\Timer.axf" - 0 Errors, 0 Warning(s).
Rebuild target 'Target 1'
assembling Startup.s...
compiling keyboard.c...
compiling led.c...
compiling main.c...
compiling timer.c...
linking...
Program Size: Code=1312 RO-data=32 RW-data=4 ZI-data=1260  
FromELF: creating hex file...
".\Timer.axf" - 0 Errors, 0 Warning(s).
Clean started: Project: 'Timer'
   deleting intermediate output files for target 'Target 1'
